app/(auth)/registration/family.tsx(80,88): error TS2345: Argument of type '"/(auth)/otp-verify"' is not assignable to parameter of type '"/(pal)/profile" | "/(pal)/tasks" | "/(senior)/health" | "/(senior)/home" | "/(family)/tracking" | "/(family)/account/notifications" | "/(pal)/chat" | "/(pal)/active-gig" | ... 423 more ... | { ...; }'.
app/(auth)/registration/pal.tsx(60,38): error TS2345: Argument of type 'ImagePickerAsset' is not assignable to parameter of type 'string'.
app/(family)/chat/[id].tsx(238,21): error TS2345: Argument of type 'string' is not assignable to parameter of type 'MessageType | undefined'.
components/navigation-guard.tsx(28,32): error TS2345: Argument of type '"/(auth)/welcome"' is not assignable to parameter of type '"/(pal)/profile" | "/(pal)/tasks" | "/(senior)/health" | "/(senior)/home" | "/(family)/tracking" | "/(family)/account/notifications" | "/(pal)/chat" | "/(pal)/active-gig" | ... 423 more ... | { ...; }'.
components/navigation-guard.tsx(33,32): error TS2345: Argument of type '"/(auth)/phone-entry"' is not assignable to parameter of type '"/(pal)/profile" | "/(pal)/tasks" | "/(senior)/health" | "/(senior)/home" | "/(family)/tracking" | "/(family)/account/notifications" | "/(pal)/chat" | "/(pal)/active-gig" | ... 423 more ... | { ...; }'.
components/navigation-guard.tsx(46,55): error TS2345: Argument of type '"/(auth)/register-senior"' is not assignable to parameter of type '"/(pal)/profile" | "/(pal)/tasks" | "/(senior)/health" | "/(senior)/home" | "/(family)/tracking" | "/(family)/account/notifications" | "/(pal)/chat" | "/(pal)/active-gig" | ... 423 more ... | { ...; }'.
components/navigation-guard.tsx(47,60): error TS2345: Argument of type '"/(auth)/register-family"' is not assignable to parameter of type '"/(pal)/profile" | "/(pal)/tasks" | "/(senior)/health" | "/(senior)/home" | "/(family)/tracking" | "/(family)/account/notifications" | "/(pal)/chat" | "/(pal)/active-gig" | ... 423 more ... | { ...; }'.
components/navigation-guard.tsx(48,57): error TS2345: Argument of type '"/(auth)/register-pal"' is not assignable to parameter of type '"/(pal)/profile" | "/(pal)/tasks" | "/(senior)/health" | "/(senior)/home" | "/(family)/tracking" | "/(family)/account/notifications" | "/(pal)/chat" | "/(pal)/active-gig" | ... 423 more ... | { ...; }'.
store/bookingStore.ts(208,33): error TS2551: Property 'createConversation' does not exist on type 'ChatState'. Did you mean 'getOrCreateConversation'?
store/healthStore.ts(98,36): error TS2872: This kind of expression is always truthy.
